<html>
<body>
<pre>
<h1>µVision Build Log</h1>
<h2>Tool Versions:</h2>
IDE-Version: ¦ÌVision V5.26.2.0
Copyright (C) 2018 ARM Ltd and ARM Germany GmbH. All rights reserved.
License Information: 1 Administrator, 1, LIC=8VRJ7-ETX1F-HLMCL-0Z7DJ-M93MF-3ZGIE
 
Tool Versions:
Toolchain:       MDK-ARM Plus  Version: 5.26.2.0
Toolchain Path:  D:\programfile\productive_soft\keil\ARM\ARMCC\Bin
C Compiler:      Armcc.exe V5.06 update 6 (build 750)
Assembler:       Armasm.exe V5.06 update 6 (build 750)
Linker/Locator:  ArmLink.exe V5.06 update 6 (build 750)
Library Manager: ArmAr.exe V5.06 update 6 (build 750)
Hex Converter:   FromElf.exe V5.06 update 6 (build 750)
CPU DLL:         SARMCM3.DLL V5.26.2.0
Dialog DLL:      DCM.DLL V1.17.2.0
Target DLL:      Segger\JL2CM3.dll V2.99.31.0
Dialog DLL:      TCM.DLL V1.36.1.0
 
<h2>Project:</h2>
E:\stm32\stm32_project\stm32\stm32-HAL-learn\stm32_mcu_lcd\ILI9481\MDK-ARM\lcd.uvprojx
Project File Date:  01/07/2021

<h2>Output:</h2>
*** Using Compiler 'V5.06 update 6 (build 750)', folder: 'D:\programfile\productive_soft\keil\ARM\ARMCC\Bin'
Build target 'lcd'
compiling dev_lcd.c...
../Core/Inc/dev_lcd_conf.h(99): warning:  #1-D: last line of file ends without a newline
  #endif
../Core/Inc/dev_lcd.h(28): warning:  #1-D: last line of file ends without a newline
  #endif
../Core/Inc/driver_LCD_ILI9481.h(14): warning:  #1-D: last line of file ends without a newline
  #endif
..\Core\Src\dev_lcd.c(38): warning:  #188-D: enumerated type mixed with another type
      HAL_GPIO_WritePin(LCD_RESET_GPIO_Port,LCD_RESET_Pin,1);
..\Core\Src\dev_lcd.c(40): warning:  #188-D: enumerated type mixed with another type
      HAL_GPIO_WritePin(LCD_RESET_GPIO_Port,LCD_RESET_Pin,0);
..\Core\Src\dev_lcd.c(42): warning:  #188-D: enumerated type mixed with another type
      HAL_GPIO_WritePin(LCD_RESET_GPIO_Port,LCD_RESET_Pin,1);
..\Core\Src\dev_lcd.c: 6 warnings, 0 errors
linking...
Program Size: Code=9764 RO-data=6528 RW-data=36 ZI-data=1284  
FromELF: creating hex file...
"lcd\lcd.axf" - 0 Error(s), 6 Warning(s).

<h2>Software Packages used:</h2>

Package Vendor: ARM
                http://www.keil.com/pack/ARM.CMSIS.5.4.0.pack
                ARM.CMSIS.5.4.0
                CMSIS (Cortex Microcontroller Software Interface Standard)
   * Component: CORE Version: 5.1.2

Package Vendor: Keil
                http://www.keil.com/pack/Keil.STM32F4xx_DFP.2.12.0.pack
                Keil.STM32F4xx_DFP.2.12.0
                STMicroelectronics STM32F4 Series Device Support, Drivers and Examples

<h2>Collection of Component include folders:</h2>
  .\RTE\_lcd
  D:\programfile\productive_soft\keil\ARM\PACK\ARM\CMSIS\5.4.0\CMSIS\Core\Include
  D:\programfile\productive_soft\keil\ARM\PACK\Keil\STM32F4xx_DFP\2.12.0\Drivers\CMSIS\Device\ST\STM32F4xx\Include

<h2>Collection of Component Files used:</h2>

   * Component: ARM::CMSIS:CORE:5.1.2
Build Time Elapsed:  00:00:02
</pre>
</body>
</html>
